----------------------------------------------------------------------------------------------------------
      name:  <unnamed>
       log:  /Users/jesperbojeryd/Documents/GitHub/STATA-example-code/what_adding_FEs_does.log
  log type:  text
 opened on:  10 Nov 2025, 16:56:52

. *** Simulate data
. clear

. set obs 100
Number of observations (_N) was 0, now 100.

. gen group_ID    = _n

. gen treat_dummy = _n > _N/2

. 
. *       Add a group FE
. scalar sd_group_FEs = 1.0

. gen group_FE = sd_group_FEs*rnormal()

. 
. expand 2
(100 observations created)

. bysort group_ID: gen post = _n

. 
. expand 3
(400 observations created)

. bysort group_ID (post): gen t = _n

. 
. scalar sd_eps = 0.001

. gen error = sd_eps*rnormal()

. 
. bysort t: gen tmp = rnormal() if _n == 1
(594 missing values generated)

. by     t: gegen time_FEs = max(tmp)
performance warning: -by- prefix may be slower than -by()-

. drop tmp

. 
. gen treatment_effect  = 1

. gen treatXpost_effect = 2

. gen post_dummy = t > 3

. gen treatXpost_dummy = treat_dummy*post_dummy

. gen outcome = treatXpost_effect*treatXpost_dummy + ///
>                                         treatment_effect*treat_dummy + time_FEs + group_FE + error

. 
. *** Summarize the data
. tabstat outcome time_FEs, by(t) stat(mean)

Summary statistics: Mean
Group variable: t 

       t |   outcome  time_FEs
---------+--------------------
       1 | -.1382312 -.7152636
       2 |  2.513768  1.936826
       3 |  1.186274   .609183
       4 |  1.490525 -.0863885
       5 |  1.715074  .1382413
       6 |  1.574388 -.0028498
---------+--------------------
   Total |    1.3903  .3132914
------------------------------

. tabstat outcome time_FEs if treat_dummy == 0, by(t) stat(mean)

Summary statistics: Mean
Group variable: t 

       t |   outcome  time_FEs
---------+--------------------
       1 | -.5709741 -.7152636
       2 |  2.080698  1.936826
       3 |  .7534252   .609183
       4 |  .0575613 -.0863885
       5 |  .2822246  .1382413
       6 |  .1413479 -.0028498
---------+--------------------
   Total |  .4573804  .3132914
------------------------------

. tabstat outcome time_FEs treatment_effect treatXpost_effect ///
>                 if treat_dummy == 1, by(t) stat(mean)

Summary statistics: Mean
Group variable: t 

       t |   outcome  time_FEs  treatm~t  treatX~t
---------+----------------------------------------
       1 |  .2945117 -.7152636         1         2
       2 |  2.946839  1.936826         1         2
       3 |  1.619123   .609183         1         2
       4 |  2.923489 -.0863885         1         2
       5 |  3.147924  .1382413         1         2
       6 |  3.007428 -.0028498         1         2
---------+----------------------------------------
   Total |  2.323219  .3132914         1         2
--------------------------------------------------

.                                         
. *** Analysis part. First, run regression with the *correct* specification
.  reg outcome treatXpost_dummy treat_dummy i.t

      Source |       SS           df       MS      Number of obs   =       600
-------------+----------------------------------   F(7, 592)       =    136.81
       Model |    1051.185         7  150.169286   Prob > F        =    0.0000
    Residual |  649.814253       592  1.09765921   R-squared       =    0.6180
-------------+----------------------------------   Adj R-squared   =    0.6135
       Total |  1700.99925       599  2.83973164   Root MSE        =    1.0477

----------------------------------------------------------------------------------
         outcome | Coefficient  Std. err.      t    P>|t|     [95% conf. interval]
-----------------+----------------------------------------------------------------
treatXpost_dummy |   2.000127   .1710874    11.69   0.000     1.664115     2.33614
     treat_dummy |    .865775   .1209771     7.16   0.000     .6281785    1.103371
                 |
               t |
              2  |      2.652   .1481661    17.90   0.000     2.361005    2.942995
              3  |   1.324505   .1481661     8.94   0.000      1.03351      1.6155
              4  |   .6286924   .1710874     3.67   0.000     .2926802    .9647046
              5  |    .853242   .1710874     4.99   0.000     .5172298    1.189254
              6  |   .7125556   .1710874     4.16   0.000     .3765434    1.048568
                 |
           _cons |  -.5711187   .1209771    -4.72   0.000    -.8087152   -.3335222
----------------------------------------------------------------------------------

. areg outcome treatXpost_dummy treat_dummy, absorb(t)

Linear regression, absorbing indicators             Number of obs     =    600
Absorbed variable: t                                No. of categories =      6
                                                    F(2, 592)         = 306.21
                                                    Prob > F          = 0.0000
                                                    R-squared         = 0.6180
                                                    Adj R-squared     = 0.6135
                                                    Root MSE          = 1.0477

----------------------------------------------------------------------------------
         outcome | Coefficient  Std. err.      t    P>|t|     [95% conf. interval]
-----------------+----------------------------------------------------------------
treatXpost_dummy |   2.000127   .1710874    11.69   0.000     1.664115     2.33614
     treat_dummy |    .865775   .1209771     7.16   0.000     .6281785    1.103371
           _cons |   .4573804   .0604885     7.56   0.000     .3385822    .5761787
----------------------------------------------------------------------------------
F test of absorbed indicators: F(5, 592) = 69.365             Prob > F = 0.000

. **  Note also how the time FEs aren't correctly estimated. Each dummy is
. *               off by the amount of the intercept. _cons in turn is equal to the
. *               omitted dummy for period t = 1. The omission is due to collinearity
. *               and the intercept is taken out of each non-omitted dummy.
. tabstat time_FEs, by(t)

Summary for variables: time_FEs
Group variable: t 

       t |      Mean
---------+----------
       1 | -.7152636
       2 |  1.936826
       3 |   .609183
       4 | -.0863885
       5 |  .1382413
       6 | -.0028498
---------+----------
   Total |  .3132914
--------------------

. 
. *** Then, compare std. err. of treatXpost_dummy if we don't include time
. *               fixed effects but instead a post dummy
. reg outcome treatXpost_dummy treat_dummy post_dummy

      Source |       SS           df       MS      Number of obs   =       600
-------------+----------------------------------   F(3, 596)       =    137.90
       Model |  696.954797         3  232.318266   Prob > F        =    0.0000
    Residual |  1004.04445       596  1.68463835   R-squared       =    0.4097
-------------+----------------------------------   Adj R-squared   =    0.4068
       Total |  1700.99925       599  2.83973164   Root MSE        =    1.2979

----------------------------------------------------------------------------------
         outcome | Coefficient  Std. err.      t    P>|t|     [95% conf. interval]
-----------------+----------------------------------------------------------------
treatXpost_dummy |   2.000127   .2119521     9.44   0.000     1.583864    2.416391
     treat_dummy |    .865775   .1498728     5.78   0.000     .5714321    1.160118
      post_dummy |   -.594005   .1498728    -3.96   0.000    -.8883479    -.299662
           _cons |   .7543829    .105976     7.12   0.000     .5462511    .9625148
----------------------------------------------------------------------------------

. 
. 
. *** Case of no time_FEs but a post effect
. gen post_effect = -0.5*post_dummy 

. replace outcome = outcome - time_FEs + post_effect
(600 real changes made)

. reg outcome treatXpost_dummy treat_dummy post_dummy

      Source |       SS           df       MS      Number of obs   =       600
-------------+----------------------------------   F(3, 596)       =    216.98
       Model |  709.718176         3  236.572725   Prob > F        =    0.0000
    Residual |  649.814258       596  1.09029238   R-squared       =    0.5220
-------------+----------------------------------   Adj R-squared   =    0.5196
       Total |  1359.53243       599  2.26967017   Root MSE        =    1.0442

----------------------------------------------------------------------------------
         outcome | Coefficient  Std. err.      t    P>|t|     [95% conf. interval]
-----------------+----------------------------------------------------------------
treatXpost_dummy |   2.000127   .1705124    11.73   0.000     1.665249    2.335006
     treat_dummy |    .865775   .1205704     7.18   0.000     .6289804     1.10257
      post_dummy |  -.5000909   .1205704    -4.15   0.000    -.7368855   -.2632963
           _cons |   .1441345   .0852562     1.69   0.091    -.0233046    .3115736
----------------------------------------------------------------------------------

. *   Then the std. err. of treatXpost_dummy is small as in the correctly
. *               specified case
. 
. *** Compare with case of including group FEs or not (test small sd_group_FEs
. *       to see the difference in std. err. of treatXpost_dummy)
. reg  outcome treatXpost_dummy treat_dummy post_dummy

      Source |       SS           df       MS      Number of obs   =       600
-------------+----------------------------------   F(3, 596)       =    216.98
       Model |  709.718176         3  236.572725   Prob > F        =    0.0000
    Residual |  649.814258       596  1.09029238   R-squared       =    0.5220
-------------+----------------------------------   Adj R-squared   =    0.5196
       Total |  1359.53243       599  2.26967017   Root MSE        =    1.0442

----------------------------------------------------------------------------------
         outcome | Coefficient  Std. err.      t    P>|t|     [95% conf. interval]
-----------------+----------------------------------------------------------------
treatXpost_dummy |   2.000127   .1705124    11.73   0.000     1.665249    2.335006
     treat_dummy |    .865775   .1205704     7.18   0.000     .6289804     1.10257
      post_dummy |  -.5000909   .1205704    -4.15   0.000    -.7368855   -.2632963
           _cons |   .1441345   .0852562     1.69   0.091    -.0233046    .3115736
----------------------------------------------------------------------------------

. areg outcome treatXpost_dummy             post_dummy, absorb(group_ID)

Linear regression, absorbing indicators           Number of obs     =      600
Absorbed variable: group_ID                       No. of categories =      100
                                                  F(2, 498)         = 9.49e+07
                                                  Prob > F          =   0.0000
                                                  R-squared         =   1.0000
                                                  Adj R-squared     =   1.0000
                                                  Root MSE          =   0.0010

----------------------------------------------------------------------------------
         outcome | Coefficient  Std. err.      t    P>|t|     [95% conf. interval]
-----------------+----------------------------------------------------------------
treatXpost_dummy |   2.000127   .0001623  1.2e+04   0.000     1.999809    2.000446
      post_dummy |  -.5000909   .0001148 -4357.99   0.000    -.5003163   -.4998654
           _cons |    .577022   .0000574  1.0e+04   0.000     .5769093    .5771347
----------------------------------------------------------------------------------
F test of absorbed indicators: F(99, 498) =  7.2e+06          Prob > F = 0.000

. 
. *** Does controlling for an independent covariate help?
. gen x2 = rnormal()

. sum x2

    Variable |        Obs        Mean    Std. dev.       Min        Max
-------------+---------------------------------------------------------
          x2 |        600    .0566801    .9404498  -2.721384   2.885267

. gen outcome2 = outcome + x2

. 
. reg  outcome  treatXpost_dummy treat_dummy post_dummy

      Source |       SS           df       MS      Number of obs   =       600
-------------+----------------------------------   F(3, 596)       =    216.98
       Model |  709.718176         3  236.572725   Prob > F        =    0.0000
    Residual |  649.814258       596  1.09029238   R-squared       =    0.5220
-------------+----------------------------------   Adj R-squared   =    0.5196
       Total |  1359.53243       599  2.26967017   Root MSE        =    1.0442

----------------------------------------------------------------------------------
         outcome | Coefficient  Std. err.      t    P>|t|     [95% conf. interval]
-----------------+----------------------------------------------------------------
treatXpost_dummy |   2.000127   .1705124    11.73   0.000     1.665249    2.335006
     treat_dummy |    .865775   .1205704     7.18   0.000     .6289804     1.10257
      post_dummy |  -.5000909   .1205704    -4.15   0.000    -.7368855   -.2632963
           _cons |   .1441345   .0852562     1.69   0.091    -.0233046    .3115736
----------------------------------------------------------------------------------

. reg  outcome2 treatXpost_dummy treat_dummy post_dummy

      Source |       SS           df       MS      Number of obs   =       600
-------------+----------------------------------   F(3, 596)       =    130.69
       Model |  761.032412         3  253.677471   Prob > F        =    0.0000
    Residual |  1156.84195       596  1.94100999   R-squared       =    0.3968
-------------+----------------------------------   Adj R-squared   =    0.3938
       Total |  1917.87437       599   3.2017936   Root MSE        =    1.3932

----------------------------------------------------------------------------------
        outcome2 | Coefficient  Std. err.      t    P>|t|     [95% conf. interval]
-----------------+----------------------------------------------------------------
treatXpost_dummy |   2.011054   .2275088     8.84   0.000     1.564237     2.45787
     treat_dummy |   .9340433    .160873     5.81   0.000     .6180964     1.24999
      post_dummy |  -.4573185    .160873    -2.84   0.005    -.7732655   -.1413716
           _cons |   .1425627   .1137544     1.25   0.211    -.0808455    .3659709
----------------------------------------------------------------------------------

. reg  outcome2 treatXpost_dummy treat_dummy post_dummy x2

      Source |       SS           df       MS      Number of obs   =       600
-------------+----------------------------------   F(4, 595)       =    290.42
       Model |  1268.28048         4  317.070121   Prob > F        =    0.0000
    Residual |   649.59388       595  1.09175442   R-squared       =    0.6613
-------------+----------------------------------   Adj R-squared   =    0.6590
       Total |  1917.87437       599   3.2017936   Root MSE        =    1.0449

----------------------------------------------------------------------------------
        outcome2 | Coefficient  Std. err.      t    P>|t|     [95% conf. interval]
-----------------+----------------------------------------------------------------
treatXpost_dummy |   2.000351   .1706274    11.72   0.000     1.665245    2.335456
     treat_dummy |   .8671689   .1206911     7.19   0.000     .6301364    1.104201
      post_dummy |  -.4992176   .1206669    -4.14   0.000    -.7362024   -.2622327
              x2 |   .9795821   .0454457    21.55   0.000     .8903285    1.068836
           _cons |   .1441024   .0853134     1.69   0.092    -.0234495    .3116543
----------------------------------------------------------------------------------

. 
. 
. log close
      name:  <unnamed>
       log:  /Users/jesperbojeryd/Documents/GitHub/STATA-example-code/what_adding_FEs_does.log
  log type:  text
 closed on:  10 Nov 2025, 16:56:52
----------------------------------------------------------------------------------------------------------
